Flow report for i281_cpu
Tue Apr 14 21:22:32 2026
Quartus Prime Version 18.1.0 Build 625 09/12/2018 SJ Lite Edition


---------------------
; Table of Contents ;
---------------------
  1. Legal Notice
  2. Flow Summary
  3. Flow Settings
  4. Flow Non-Default Global Settings
  5. Flow Elapsed Time
  6. Flow OS Summary
  7. Flow Log
  8. Flow Messages
  9. Flow Suppressed Messages



----------------
; Legal Notice ;
----------------
Copyright (C) 2018  Intel Corporation. All rights reserved.
Your use of Intel Corporation's design tools, logic functions 
and other software and tools, and its AMPP partner logic 
functions, and any output files from any of the foregoing 
(including device programming or simulation files), and any 
associated documentation or information are expressly subject 
to the terms and conditions of the Intel Program License 
Subscription Agreement, the Intel Quartus Prime License Agreement,
the Intel FPGA IP License Agreement, or other applicable license
agreement, including, without limitation, that your use is for
the sole purpose of programming logic devices manufactured by
Intel and sold by Intel or its authorized distributors.  Please
refer to the applicable agreement for further details.



+----------------------------------------------------------------------------------+
; Flow Summary                                                                     ;
+------------------------------------+---------------------------------------------+
; Flow Status                        ; Successful - Tue Apr 14 21:22:32 2026       ;
; Quartus Prime Version              ; 18.1.0 Build 625 09/12/2018 SJ Lite Edition ;
; Revision Name                      ; i281_cpu                                    ;
; Top-level Entity Name              ; i281_CPU                                    ;
; Family                             ; MAX 10                                      ;
; Device                             ; 10M08DAF484C8G                              ;
; Timing Models                      ; Final                                       ;
; Total logic elements               ; 38 / 8,064 ( < 1 % )                        ;
;     Total combinational functions  ; 35 / 8,064 ( < 1 % )                        ;
;     Dedicated logic registers      ; 27 / 8,064 ( < 1 % )                        ;
; Total registers                    ; 27                                          ;
; Total pins                         ; 105 / 250 ( 42 % )                          ;
; Total virtual pins                 ; 0                                           ;
; Total memory bits                  ; 0 / 387,072 ( 0 % )                         ;
; Embedded Multiplier 9-bit elements ; 0 / 48 ( 0 % )                              ;
; Total PLLs                         ; 0 / 2 ( 0 % )                               ;
; UFM blocks                         ; 0 / 1 ( 0 % )                               ;
; ADC blocks                         ; 0 / 1 ( 0 % )                               ;
+------------------------------------+---------------------------------------------+


+-----------------------------------------+
; Flow Settings                           ;
+-------------------+---------------------+
; Option            ; Setting             ;
+-------------------+---------------------+
; Start date & time ; 04/14/2026 21:20:21 ;
; Main task         ; Compilation         ;
; Revision Name     ; i281_cpu            ;
+-------------------+---------------------+


+------------------------------------------------------------------------------------------------------------------------------+
; Flow Non-Default Global Settings                                                                                             ;
+--------------------------------------+----------------------------------------+---------------+-------------+----------------+
; Assignment Name                      ; Value                                  ; Default Value ; Entity Name ; Section Id     ;
+--------------------------------------+----------------------------------------+---------------+-------------+----------------+
; COMPILER_SIGNATURE_ID                ; 121380438763.177618182118396           ; --            ; --          ; --             ;
; EDA_DESIGN_INSTANCE_NAME             ; NA                                     ; --            ; --          ; i281_cpu_tb    ;
; EDA_NATIVELINK_SIMULATION_TEST_BENCH ; i281_cpu_tb                            ; --            ; --          ; eda_simulation ;
; EDA_OUTPUT_DATA_FORMAT               ; Verilog Hdl                            ; --            ; --          ; eda_simulation ;
; EDA_SIMULATION_TOOL                  ; ModelSim-Altera (Verilog)              ; <None>        ; --          ; --             ;
; EDA_TEST_BENCH_ENABLE_STATUS         ; TEST_BENCH_MODE                        ; --            ; --          ; eda_simulation ;
; EDA_TEST_BENCH_FILE                  ; i281_CPU.v                             ; --            ; --          ; i281_cpu_tb    ;
; EDA_TEST_BENCH_FILE                  ; i281_cpu_tb.v                          ; --            ; --          ; i281_cpu_tb    ;
; EDA_TEST_BENCH_MODULE_NAME           ; i281_cpu_tb                            ; --            ; --          ; i281_cpu_tb    ;
; EDA_TEST_BENCH_NAME                  ; i281_cpu_tb                            ; --            ; --          ; eda_simulation ;
; EDA_TIME_SCALE                       ; 1 ps                                   ; --            ; --          ; eda_simulation ;
; MAX_CORE_JUNCTION_TEMP               ; 85                                     ; --            ; --          ; --             ;
; MIN_CORE_JUNCTION_TEMP               ; 0                                      ; --            ; --          ; --             ;
; PARTITION_COLOR                      ; -- (Not supported for targeted family) ; --            ; i281_CPU    ; Top            ;
; PARTITION_FITTER_PRESERVATION_LEVEL  ; -- (Not supported for targeted family) ; --            ; i281_CPU    ; Top            ;
; PARTITION_NETLIST_TYPE               ; -- (Not supported for targeted family) ; --            ; i281_CPU    ; Top            ;
; POWER_BOARD_THERMAL_MODEL            ; None (CONSERVATIVE)                    ; --            ; --          ; --             ;
; POWER_PRESET_COOLING_SOLUTION        ; 23 MM HEAT SINK WITH 200 LFPM AIRFLOW  ; --            ; --          ; --             ;
; PROJECT_OUTPUT_DIRECTORY             ; output_files                           ; --            ; --          ; --             ;
+--------------------------------------+----------------------------------------+---------------+-------------+----------------+


+--------------------------------------------------------------------------------------------------------------------------+
; Flow Elapsed Time                                                                                                        ;
+----------------------+--------------+-------------------------+---------------------+------------------------------------+
; Module Name          ; Elapsed Time ; Average Processors Used ; Peak Virtual Memory ; Total CPU Time (on all processors) ;
+----------------------+--------------+-------------------------+---------------------+------------------------------------+
; Analysis & Synthesis ; 00:01:28     ; 1.0                     ; 13220 MB            ; 00:01:16                           ;
; Fitter               ; 00:00:22     ; 1.0                     ; 14003 MB            ; 00:00:20                           ;
; Assembler            ; 00:00:03     ; 1.0                     ; 13092 MB            ; 00:00:02                           ;
; Timing Analyzer      ; 00:00:05     ; 1.1                     ; 13203 MB            ; 00:00:05                           ;
; EDA Netlist Writer   ; 00:00:02     ; 1.0                     ; 13056 MB            ; 00:00:01                           ;
; Total                ; 00:02:00     ; --                      ; --                  ; 00:01:44                           ;
+----------------------+--------------+-------------------------+---------------------+------------------------------------+


+------------------------------------------------------------------------------------+
; Flow OS Summary                                                                    ;
+----------------------+------------------+------------+------------+----------------+
; Module Name          ; Machine Hostname ; OS Name    ; OS Version ; Processor type ;
+----------------------+------------------+------------+------------+----------------+
; Analysis & Synthesis ; VEDIKAPRASH9558  ; Windows 10 ; 10.0       ; x86_64         ;
; Fitter               ; VEDIKAPRASH9558  ; Windows 10 ; 10.0       ; x86_64         ;
; Assembler            ; VEDIKAPRASH9558  ; Windows 10 ; 10.0       ; x86_64         ;
; Timing Analyzer      ; VEDIKAPRASH9558  ; Windows 10 ; 10.0       ; x86_64         ;
; EDA Netlist Writer   ; VEDIKAPRASH9558  ; Windows 10 ; 10.0       ; x86_64         ;
+----------------------+------------------+------------+------------+----------------+


------------
; Flow Log ;
------------
quartus_map --read_settings_files=on --write_settings_files=off i281_cpu -c i281_cpu
quartus_fit --read_settings_files=off --write_settings_files=off i281_cpu -c i281_cpu
quartus_asm --read_settings_files=off --write_settings_files=off i281_cpu -c i281_cpu
quartus_sta i281_cpu -c i281_cpu
quartus_eda --read_settings_files=off --write_settings_files=off i281_cpu -c i281_cpu



